 --------------------------
 Symbol          | Location
 ----------------+---------
 AB              |   0A7
 AB2             |   0AA
 AC              |   0A8
 AC2             |   0AB
 BC              |   0A9
 BC2             |   0AC
 abs             |   0D4
 abs_1           |   0E1
 abs_i           |   0E0
 abswhile        |   0D7
 cien            |   0B8
 dis             |   0B9
 dis_resx        |   0D2
 dis_rexy        |   0D3
 dis_x1          |   0CE
 dis_x2          |   0CF
 dis_y1          |   0D0
 dis_y2          |   0D1
 div             |   119
 div_acum        |   12A
 div_i           |   129
 div_one         |   12B
 div_two         |   128
 end_while       |   126
 endabs          |   0DE
 endbuscar       |   107
 endmult         |   0F0
 esAcutangulo    |   091
 esObtusangulo   |   099
 esRectangulo    |   089
 finPrograma     |   09E
 finalMax        |   04C
 finalMax2       |   064
 finalmax        |   057
 finalmax2       |   06F
 mainOtro        |   048
 mainOtro2       |   060
 mainotro        |   053
 mainotro2       |   06B
 mult            |   0E2
 mult_i          |   0F4
 mult_sum        |   0F5
 mult_x          |   0F2
 mult_y          |   0F3
 multwhile       |   0E6
 noEsTriangulo   |   09C
 one             |   0B5
 operar          |   121
 raiz            |   0F6
 raiz_2n         |   116
 raiz_n          |   117
 raiz_n2         |   115
 raiz_res        |   118
 raiz_val        |   114
 res_max         |   0AF
 res_max2        |   0B2
 respuesta       |   0B3
 seraAcutangulo  |   08C
 seraObtusangulo |   094
 seraRectangulo  |   084
 temp1           |   0AD
 temp12          |   0B0
 temp2           |   0AE
 temp22          |   0B1
 three           |   0B7
 two             |   0B6
 while_buscar    |   0FB
 while_div       |   11C
 x1              |   0A1
 x2              |   0A3
 x3              |   0A5
 y1              |   0A2
 y2              |   0A4
 y3              |   0A6
 zero            |   0B4
